/bin/bash: warning: setlocale: LC_ALL: cannot change locale (en_US.UTF-8)
compute-2-0
Job execution start: Wed Nov 25 17:57:30 GMT 2020
Slurm Job ID is: 211775
slurm Job name is: 6-311G_UHF
Scratchdir is: /scratch/rog32/ORCA__211775-08s2
sh: warning: setlocale: LC_ALL: cannot change locale (en_US.UTF-8)
sh: warning: setlocale: LC_ALL: cannot change locale (en_US.UTF-8)
sh: warning: setlocale: LC_ALL: cannot change locale (en_US.UTF-8)
sh: warning: setlocale: LC_ALL: cannot change locale (en_US.UTF-8)
sh: warning: setlocale: LC_ALL: cannot change locale (en_US.UTF-8)
sh: warning: setlocale: LC_ALL: cannot change locale (en_US.UTF-8)
sh: warning: setlocale: LC_ALL: cannot change locale (en_US.UTF-8)
sh: warning: setlocale: LC_ALL: cannot change locale (en_US.UTF-8)
sh: warning: setlocale: LC_ALL: cannot change locale (en_US.UTF-8)
sh: warning: setlocale: LC_ALL: cannot change locale (en_US.UTF-8)
sh: warning: setlocale: LC_ALL: cannot change locale (en_US.UTF-8)
sh: warning: setlocale: LC_ALL: cannot change locale (en_US.UTF-8)
sh: warning: setlocale: LC_ALL: cannot change locale (en_US.UTF-8)
sh: warning: setlocale: LC_ALL: cannot change locale (en_US.UTF-8)
sh: warning: setlocale: LC_ALL: cannot change locale (en_US.UTF-8)
sh: warning: setlocale: LC_ALL: cannot change locale (en_US.UTF-8)
sh: warning: setlocale: LC_ALL: cannot change locale (en_US.UTF-8)
sh: warning: setlocale: LC_ALL: cannot change locale (en_US.UTF-8)
sh: warning: setlocale: LC_ALL: cannot change locale (en_US.UTF-8)
sh: warning: setlocale: LC_ALL: cannot change locale (en_US.UTF-8)
sh: warning: setlocale: LC_ALL: cannot change locale (en_US.UTF-8)
sh: warning: setlocale: LC_ALL: cannot change locale (en_US.UTF-8)
sh: warning: setlocale: LC_ALL: cannot change locale (en_US.UTF-8)
sh: warning: setlocale: LC_ALL: cannot change locale (en_US.UTF-8)
sh: warning: setlocale: LC_ALL: cannot change locale (en_US.UTF-8)
sh: warning: setlocale: LC_ALL: cannot change locale (en_US.UTF-8)
sh: warning: setlocale: LC_ALL: cannot change locale (en_US.UTF-8)
sh: warning: setlocale: LC_ALL: cannot change locale (en_US.UTF-8)
sh: warning: setlocale: LC_ALL: cannot change locale (en_US.UTF-8)
sh: warning: setlocale: LC_ALL: cannot change locale (en_US.UTF-8)
sh: warning: setlocale: LC_ALL: cannot change locale (en_US.UTF-8)
sh: warning: setlocale: LC_ALL: cannot change locale (en_US.UTF-8)
sh: warning: setlocale: LC_ALL: cannot change locale (en_US.UTF-8)
sh: warning: setlocale: LC_ALL: cannot change locale (en_US.UTF-8)
sh: warning: setlocale: LC_ALL: cannot change locale (en_US.UTF-8)
sh: warning: setlocale: LC_ALL: cannot change locale (en_US.UTF-8)
sh: warning: setlocale: LC_ALL: cannot change locale (en_US.UTF-8)
sh: warning: setlocale: LC_ALL: cannot change locale (en_US.UTF-8)
sh: warning: setlocale: LC_ALL: cannot change locale (en_US.UTF-8)
sh: warning: setlocale: LC_ALL: cannot change locale (en_US.UTF-8)
sh: warning: setlocale: LC_ALL: cannot change locale (en_US.UTF-8)
sh: warning: setlocale: LC_ALL: cannot change locale (en_US.UTF-8)
sh: warning: setlocale: LC_ALL: cannot change locale (en_US.UTF-8)
sh: warning: setlocale: LC_ALL: cannot change locale (en_US.UTF-8)
sh: warning: setlocale: LC_ALL: cannot change locale (en_US.UTF-8)
sh: warning: setlocale: LC_ALL: cannot change locale (en_US.UTF-8)
sh: warning: setlocale: LC_ALL: cannot change locale (en_US.UTF-8)
sh: warning: setlocale: LC_ALL: cannot change locale (en_US.UTF-8)
sh: warning: setlocale: LC_ALL: cannot change locale (en_US.UTF-8)
sh: warning: setlocale: LC_ALL: cannot change locale (en_US.UTF-8)
sh: warning: setlocale: LC_ALL: cannot change locale (en_US.UTF-8)
sh: warning: setlocale: LC_ALL: cannot change locale (en_US.UTF-8)
sh: warning: setlocale: LC_ALL: cannot change locale (en_US.UTF-8)
sh: warning: setlocale: LC_ALL: cannot change locale (en_US.UTF-8)
sh: warning: setlocale: LC_ALL: cannot change locale (en_US.UTF-8)
sh: warning: setlocale: LC_ALL: cannot change locale (en_US.UTF-8)
sh: warning: setlocale: LC_ALL: cannot change locale (en_US.UTF-8)
sh: warning: setlocale: LC_ALL: cannot change locale (en_US.UTF-8)
sh: warning: setlocale: LC_ALL: cannot change locale (en_US.UTF-8)
sh: warning: setlocale: LC_ALL: cannot change locale (en_US.UTF-8)
sh: warning: setlocale: LC_ALL: cannot change locale (en_US.UTF-8)
sh: warning: setlocale: LC_ALL: cannot change locale (en_US.UTF-8)
sh: warning: setlocale: LC_ALL: cannot change locale (en_US.UTF-8)
sh: warning: setlocale: LC_ALL: cannot change locale (en_US.UTF-8)
sh: warning: setlocale: LC_ALL: cannot change locale (en_US.UTF-8)
sh: warning: setlocale: LC_ALL: cannot change locale (en_US.UTF-8)
sh: warning: setlocale: LC_ALL: cannot change locale (en_US.UTF-8)
sh: warning: setlocale: LC_ALL: cannot change locale (en_US.UTF-8)
sh: warning: setlocale: LC_ALL: cannot change locale (en_US.UTF-8)
cp: cannot stat '/scratch/rog32/ORCA__211775-08s2/*.xyz': No such file or directory
cp: cannot stat '/scratch/rog32/ORCA__211775-08s2/*.molden': No such file or directory
cp: cannot stat '/scratch/rog32/ORCA__211775-08s2/*.scfp': No such file or directory
