/bin/bash: warning: setlocale: LC_ALL: cannot change locale (en_US.UTF-8)
compute-2-0
Job execution start: Sun Dec  6 22:27:56 GMT 2020
Slurm Job ID is: 212053
slurm Job name is: 6-311++G(3df,3pd)_RHF_MP2
Scratchdir is: /scratch/rog32/ORCA__212053-dBm0
sh: warning: setlocale: LC_ALL: cannot change locale (en_US.UTF-8)
sh: warning: setlocale: LC_ALL: cannot change locale (en_US.UTF-8)
sh: warning: setlocale: LC_ALL: cannot change locale (en_US.UTF-8)
sh: warning: setlocale: LC_ALL: cannot change locale (en_US.UTF-8)
sh: warning: setlocale: LC_ALL: cannot change locale (en_US.UTF-8)
sh: warning: setlocale: LC_ALL: cannot change locale (en_US.UTF-8)
sh: warning: setlocale: LC_ALL: cannot change locale (en_US.UTF-8)
sh: warning: setlocale: LC_ALL: cannot change locale (en_US.UTF-8)
sh: warning: setlocale: LC_ALL: cannot change locale (en_US.UTF-8)
sh: warning: setlocale: LC_ALL: cannot change locale (en_US.UTF-8)
sh: warning: setlocale: LC_ALL: cannot change locale (en_US.UTF-8)
sh: warning: setlocale: LC_ALL: cannot change locale (en_US.UTF-8)
sh: warning: setlocale: LC_ALL: cannot change locale (en_US.UTF-8)
sh: warning: setlocale: LC_ALL: cannot change locale (en_US.UTF-8)
sh: warning: setlocale: LC_ALL: cannot change locale (en_US.UTF-8)
sh: warning: setlocale: LC_ALL: cannot change locale (en_US.UTF-8)
sh: warning: setlocale: LC_ALL: cannot change locale (en_US.UTF-8)
sh: warning: setlocale: LC_ALL: cannot change locale (en_US.UTF-8)
sh: warning: setlocale: LC_ALL: cannot change locale (en_US.UTF-8)
sh: warning: setlocale: LC_ALL: cannot change locale (en_US.UTF-8)
sh: warning: setlocale: LC_ALL: cannot change locale (en_US.UTF-8)
sh: warning: setlocale: LC_ALL: cannot change locale (en_US.UTF-8)
sh: warning: setlocale: LC_ALL: cannot change locale (en_US.UTF-8)
sh: warning: setlocale: LC_ALL: cannot change locale (en_US.UTF-8)
sh: warning: setlocale: LC_ALL: cannot change locale (en_US.UTF-8)
sh: warning: setlocale: LC_ALL: cannot change locale (en_US.UTF-8)
sh: warning: setlocale: LC_ALL: cannot change locale (en_US.UTF-8)
sh: warning: setlocale: LC_ALL: cannot change locale (en_US.UTF-8)
sh: warning: setlocale: LC_ALL: cannot change locale (en_US.UTF-8)
sh: warning: setlocale: LC_ALL: cannot change locale (en_US.UTF-8)
sh: warning: setlocale: LC_ALL: cannot change locale (en_US.UTF-8)
sh: warning: setlocale: LC_ALL: cannot change locale (en_US.UTF-8)
sh: warning: setlocale: LC_ALL: cannot change locale (en_US.UTF-8)
sh: warning: setlocale: LC_ALL: cannot change locale (en_US.UTF-8)
sh: warning: setlocale: LC_ALL: cannot change locale (en_US.UTF-8)
sh: warning: setlocale: LC_ALL: cannot change locale (en_US.UTF-8)
sh: warning: setlocale: LC_ALL: cannot change locale (en_US.UTF-8)
sh: warning: setlocale: LC_ALL: cannot change locale (en_US.UTF-8)
sh: warning: setlocale: LC_ALL: cannot change locale (en_US.UTF-8)
sh: warning: setlocale: LC_ALL: cannot change locale (en_US.UTF-8)
sh: warning: setlocale: LC_ALL: cannot change locale (en_US.UTF-8)
sh: warning: setlocale: LC_ALL: cannot change locale (en_US.UTF-8)
sh: warning: setlocale: LC_ALL: cannot change locale (en_US.UTF-8)
sh: warning: setlocale: LC_ALL: cannot change locale (en_US.UTF-8)
sh: warning: setlocale: LC_ALL: cannot change locale (en_US.UTF-8)
sh: warning: setlocale: LC_ALL: cannot change locale (en_US.UTF-8)
sh: warning: setlocale: LC_ALL: cannot change locale (en_US.UTF-8)
sh: warning: setlocale: LC_ALL: cannot change locale (en_US.UTF-8)
sh: warning: setlocale: LC_ALL: cannot change locale (en_US.UTF-8)
sh: warning: setlocale: LC_ALL: cannot change locale (en_US.UTF-8)
sh: warning: setlocale: LC_ALL: cannot change locale (en_US.UTF-8)
sh: warning: setlocale: LC_ALL: cannot change locale (en_US.UTF-8)
sh: warning: setlocale: LC_ALL: cannot change locale (en_US.UTF-8)
sh: warning: setlocale: LC_ALL: cannot change locale (en_US.UTF-8)
sh: warning: setlocale: LC_ALL: cannot change locale (en_US.UTF-8)
sh: warning: setlocale: LC_ALL: cannot change locale (en_US.UTF-8)
sh: warning: setlocale: LC_ALL: cannot change locale (en_US.UTF-8)
sh: warning: setlocale: LC_ALL: cannot change locale (en_US.UTF-8)
sh: warning: setlocale: LC_ALL: cannot change locale (en_US.UTF-8)
sh: warning: setlocale: LC_ALL: cannot change locale (en_US.UTF-8)
sh: warning: setlocale: LC_ALL: cannot change locale (en_US.UTF-8)
sh: warning: setlocale: LC_ALL: cannot change locale (en_US.UTF-8)
sh: warning: setlocale: LC_ALL: cannot change locale (en_US.UTF-8)
sh: warning: setlocale: LC_ALL: cannot change locale (en_US.UTF-8)
sh: warning: setlocale: LC_ALL: cannot change locale (en_US.UTF-8)
sh: warning: setlocale: LC_ALL: cannot change locale (en_US.UTF-8)
sh: warning: setlocale: LC_ALL: cannot change locale (en_US.UTF-8)
sh: warning: setlocale: LC_ALL: cannot change locale (en_US.UTF-8)
sh: warning: setlocale: LC_ALL: cannot change locale (en_US.UTF-8)
sh: warning: setlocale: LC_ALL: cannot change locale (en_US.UTF-8)
sh: warning: setlocale: LC_ALL: cannot change locale (en_US.UTF-8)
sh: warning: setlocale: LC_ALL: cannot change locale (en_US.UTF-8)
sh: warning: setlocale: LC_ALL: cannot change locale (en_US.UTF-8)
sh: warning: setlocale: LC_ALL: cannot change locale (en_US.UTF-8)
sh: warning: setlocale: LC_ALL: cannot change locale (en_US.UTF-8)
sh: warning: setlocale: LC_ALL: cannot change locale (en_US.UTF-8)
sh: warning: setlocale: LC_ALL: cannot change locale (en_US.UTF-8)
sh: warning: setlocale: LC_ALL: cannot change locale (en_US.UTF-8)
sh: warning: setlocale: LC_ALL: cannot change locale (en_US.UTF-8)
sh: warning: setlocale: LC_ALL: cannot change locale (en_US.UTF-8)
sh: warning: setlocale: LC_ALL: cannot change locale (en_US.UTF-8)
sh: warning: setlocale: LC_ALL: cannot change locale (en_US.UTF-8)
sh: warning: setlocale: LC_ALL: cannot change locale (en_US.UTF-8)
sh: warning: setlocale: LC_ALL: cannot change locale (en_US.UTF-8)
sh: warning: setlocale: LC_ALL: cannot change locale (en_US.UTF-8)
sh: warning: setlocale: LC_ALL: cannot change locale (en_US.UTF-8)
sh: warning: setlocale: LC_ALL: cannot change locale (en_US.UTF-8)
sh: warning: setlocale: LC_ALL: cannot change locale (en_US.UTF-8)
sh: warning: setlocale: LC_ALL: cannot change locale (en_US.UTF-8)
sh: warning: setlocale: LC_ALL: cannot change locale (en_US.UTF-8)
sh: warning: setlocale: LC_ALL: cannot change locale (en_US.UTF-8)
sh: warning: setlocale: LC_ALL: cannot change locale (en_US.UTF-8)
sh: warning: setlocale: LC_ALL: cannot change locale (en_US.UTF-8)
sh: warning: setlocale: LC_ALL: cannot change locale (en_US.UTF-8)
sh: warning: setlocale: LC_ALL: cannot change locale (en_US.UTF-8)
sh: warning: setlocale: LC_ALL: cannot change locale (en_US.UTF-8)
sh: warning: setlocale: LC_ALL: cannot change locale (en_US.UTF-8)
sh: warning: setlocale: LC_ALL: cannot change locale (en_US.UTF-8)
sh: warning: setlocale: LC_ALL: cannot change locale (en_US.UTF-8)
sh: warning: setlocale: LC_ALL: cannot change locale (en_US.UTF-8)
sh: warning: setlocale: LC_ALL: cannot change locale (en_US.UTF-8)
sh: warning: setlocale: LC_ALL: cannot change locale (en_US.UTF-8)
sh: warning: setlocale: LC_ALL: cannot change locale (en_US.UTF-8)
cp: cannot stat '/scratch/rog32/ORCA__212053-dBm0/*.xyz': No such file or directory
cp: cannot stat '/scratch/rog32/ORCA__212053-dBm0/*.molden': No such file or directory
cp: cannot stat '/scratch/rog32/ORCA__212053-dBm0/*.scfp': No such file or directory
