/bin/bash: warning: setlocale: LC_ALL: cannot change locale (en_US.UTF-8)
compute-2-0
Job execution start: Wed Nov 25 17:57:30 GMT 2020
Slurm Job ID is: 211791
slurm Job name is: 3-21G_QCISD(T)
Scratchdir is: /scratch/rog32/ORCA__211791-GfLh
sh: warning: setlocale: LC_ALL: cannot change locale (en_US.UTF-8)
sh: warning: setlocale: LC_ALL: cannot change locale (en_US.UTF-8)
sh: warning: setlocale: LC_ALL: cannot change locale (en_US.UTF-8)
sh: warning: setlocale: LC_ALL: cannot change locale (en_US.UTF-8)
sh: warning: setlocale: LC_ALL: cannot change locale (en_US.UTF-8)
sh: warning: setlocale: LC_ALL: cannot change locale (en_US.UTF-8)
sh: warning: setlocale: LC_ALL: cannot change locale (en_US.UTF-8)
sh: warning: setlocale: LC_ALL: cannot change locale (en_US.UTF-8)
sh: warning: setlocale: LC_ALL: cannot change locale (en_US.UTF-8)
sh: warning: setlocale: LC_ALL: cannot change locale (en_US.UTF-8)
sh: warning: setlocale: LC_ALL: cannot change locale (en_US.UTF-8)
sh: warning: setlocale: LC_ALL: cannot change locale (en_US.UTF-8)
sh: warning: setlocale: LC_ALL: cannot change locale (en_US.UTF-8)
sh: warning: setlocale: LC_ALL: cannot change locale (en_US.UTF-8)
sh: warning: setlocale: LC_ALL: cannot change locale (en_US.UTF-8)
sh: warning: setlocale: LC_ALL: cannot change locale (en_US.UTF-8)
sh: warning: setlocale: LC_ALL: cannot change locale (en_US.UTF-8)
sh: warning: setlocale: LC_ALL: cannot change locale (en_US.UTF-8)
sh: warning: setlocale: LC_ALL: cannot change locale (en_US.UTF-8)
sh: warning: setlocale: LC_ALL: cannot change locale (en_US.UTF-8)
sh: warning: setlocale: LC_ALL: cannot change locale (en_US.UTF-8)
sh: warning: setlocale: LC_ALL: cannot change locale (en_US.UTF-8)
sh: warning: setlocale: LC_ALL: cannot change locale (en_US.UTF-8)
sh: warning: setlocale: LC_ALL: cannot change locale (en_US.UTF-8)
sh: warning: setlocale: LC_ALL: cannot change locale (en_US.UTF-8)
sh: warning: setlocale: LC_ALL: cannot change locale (en_US.UTF-8)
sh: warning: setlocale: LC_ALL: cannot change locale (en_US.UTF-8)
sh: warning: setlocale: LC_ALL: cannot change locale (en_US.UTF-8)
sh: warning: setlocale: LC_ALL: cannot change locale (en_US.UTF-8)
sh: warning: setlocale: LC_ALL: cannot change locale (en_US.UTF-8)
sh: warning: setlocale: LC_ALL: cannot change locale (en_US.UTF-8)
sh: warning: setlocale: LC_ALL: cannot change locale (en_US.UTF-8)
sh: warning: setlocale: LC_ALL: cannot change locale (en_US.UTF-8)
sh: warning: setlocale: LC_ALL: cannot change locale (en_US.UTF-8)
sh: warning: setlocale: LC_ALL: cannot change locale (en_US.UTF-8)
sh: warning: setlocale: LC_ALL: cannot change locale (en_US.UTF-8)
sh: warning: setlocale: LC_ALL: cannot change locale (en_US.UTF-8)
sh: warning: setlocale: LC_ALL: cannot change locale (en_US.UTF-8)
sh: warning: setlocale: LC_ALL: cannot change locale (en_US.UTF-8)
sh: warning: setlocale: LC_ALL: cannot change locale (en_US.UTF-8)
sh: warning: setlocale: LC_ALL: cannot change locale (en_US.UTF-8)
sh: warning: setlocale: LC_ALL: cannot change locale (en_US.UTF-8)
sh: warning: setlocale: LC_ALL: cannot change locale (en_US.UTF-8)
sh: warning: setlocale: LC_ALL: cannot change locale (en_US.UTF-8)
sh: warning: setlocale: LC_ALL: cannot change locale (en_US.UTF-8)
sh: warning: setlocale: LC_ALL: cannot change locale (en_US.UTF-8)
sh: warning: setlocale: LC_ALL: cannot change locale (en_US.UTF-8)
sh: warning: setlocale: LC_ALL: cannot change locale (en_US.UTF-8)
sh: warning: setlocale: LC_ALL: cannot change locale (en_US.UTF-8)
sh: warning: setlocale: LC_ALL: cannot change locale (en_US.UTF-8)
sh: warning: setlocale: LC_ALL: cannot change locale (en_US.UTF-8)
sh: warning: setlocale: LC_ALL: cannot change locale (en_US.UTF-8)
sh: warning: setlocale: LC_ALL: cannot change locale (en_US.UTF-8)
sh: warning: setlocale: LC_ALL: cannot change locale (en_US.UTF-8)
sh: warning: setlocale: LC_ALL: cannot change locale (en_US.UTF-8)
sh: warning: setlocale: LC_ALL: cannot change locale (en_US.UTF-8)
sh: warning: setlocale: LC_ALL: cannot change locale (en_US.UTF-8)
sh: warning: setlocale: LC_ALL: cannot change locale (en_US.UTF-8)
sh: warning: setlocale: LC_ALL: cannot change locale (en_US.UTF-8)
sh: warning: setlocale: LC_ALL: cannot change locale (en_US.UTF-8)
sh: warning: setlocale: LC_ALL: cannot change locale (en_US.UTF-8)
sh: warning: setlocale: LC_ALL: cannot change locale (en_US.UTF-8)
sh: warning: setlocale: LC_ALL: cannot change locale (en_US.UTF-8)
sh: warning: setlocale: LC_ALL: cannot change locale (en_US.UTF-8)
sh: warning: setlocale: LC_ALL: cannot change locale (en_US.UTF-8)
sh: warning: setlocale: LC_ALL: cannot change locale (en_US.UTF-8)
sh: warning: setlocale: LC_ALL: cannot change locale (en_US.UTF-8)
sh: warning: setlocale: LC_ALL: cannot change locale (en_US.UTF-8)
sh: warning: setlocale: LC_ALL: cannot change locale (en_US.UTF-8)
sh: warning: setlocale: LC_ALL: cannot change locale (en_US.UTF-8)
sh: warning: setlocale: LC_ALL: cannot change locale (en_US.UTF-8)
sh: warning: setlocale: LC_ALL: cannot change locale (en_US.UTF-8)
sh: warning: setlocale: LC_ALL: cannot change locale (en_US.UTF-8)
sh: warning: setlocale: LC_ALL: cannot change locale (en_US.UTF-8)
sh: warning: setlocale: LC_ALL: cannot change locale (en_US.UTF-8)
sh: warning: setlocale: LC_ALL: cannot change locale (en_US.UTF-8)
sh: warning: setlocale: LC_ALL: cannot change locale (en_US.UTF-8)
sh: warning: setlocale: LC_ALL: cannot change locale (en_US.UTF-8)
sh: warning: setlocale: LC_ALL: cannot change locale (en_US.UTF-8)
sh: warning: setlocale: LC_ALL: cannot change locale (en_US.UTF-8)
sh: warning: setlocale: LC_ALL: cannot change locale (en_US.UTF-8)
sh: warning: setlocale: LC_ALL: cannot change locale (en_US.UTF-8)
sh: warning: setlocale: LC_ALL: cannot change locale (en_US.UTF-8)
sh: warning: setlocale: LC_ALL: cannot change locale (en_US.UTF-8)
sh: warning: setlocale: LC_ALL: cannot change locale (en_US.UTF-8)
sh: warning: setlocale: LC_ALL: cannot change locale (en_US.UTF-8)
sh: warning: setlocale: LC_ALL: cannot change locale (en_US.UTF-8)
sh: warning: setlocale: LC_ALL: cannot change locale (en_US.UTF-8)
sh: warning: setlocale: LC_ALL: cannot change locale (en_US.UTF-8)
sh: warning: setlocale: LC_ALL: cannot change locale (en_US.UTF-8)
sh: warning: setlocale: LC_ALL: cannot change locale (en_US.UTF-8)
sh: warning: setlocale: LC_ALL: cannot change locale (en_US.UTF-8)
sh: warning: setlocale: LC_ALL: cannot change locale (en_US.UTF-8)
sh: warning: setlocale: LC_ALL: cannot change locale (en_US.UTF-8)
sh: warning: setlocale: LC_ALL: cannot change locale (en_US.UTF-8)
sh: warning: setlocale: LC_ALL: cannot change locale (en_US.UTF-8)
sh: warning: setlocale: LC_ALL: cannot change locale (en_US.UTF-8)
sh: warning: setlocale: LC_ALL: cannot change locale (en_US.UTF-8)
sh: warning: setlocale: LC_ALL: cannot change locale (en_US.UTF-8)
sh: warning: setlocale: LC_ALL: cannot change locale (en_US.UTF-8)
sh: warning: setlocale: LC_ALL: cannot change locale (en_US.UTF-8)
sh: warning: setlocale: LC_ALL: cannot change locale (en_US.UTF-8)
sh: warning: setlocale: LC_ALL: cannot change locale (en_US.UTF-8)
sh: warning: setlocale: LC_ALL: cannot change locale (en_US.UTF-8)
sh: warning: setlocale: LC_ALL: cannot change locale (en_US.UTF-8)
sh: warning: setlocale: LC_ALL: cannot change locale (en_US.UTF-8)
sh: warning: setlocale: LC_ALL: cannot change locale (en_US.UTF-8)
sh: warning: setlocale: LC_ALL: cannot change locale (en_US.UTF-8)
sh: warning: setlocale: LC_ALL: cannot change locale (en_US.UTF-8)
sh: warning: setlocale: LC_ALL: cannot change locale (en_US.UTF-8)
sh: warning: setlocale: LC_ALL: cannot change locale (en_US.UTF-8)
sh: warning: setlocale: LC_ALL: cannot change locale (en_US.UTF-8)
sh: warning: setlocale: LC_ALL: cannot change locale (en_US.UTF-8)
sh: warning: setlocale: LC_ALL: cannot change locale (en_US.UTF-8)
sh: warning: setlocale: LC_ALL: cannot change locale (en_US.UTF-8)
sh: warning: setlocale: LC_ALL: cannot change locale (en_US.UTF-8)
sh: warning: setlocale: LC_ALL: cannot change locale (en_US.UTF-8)
sh: warning: setlocale: LC_ALL: cannot change locale (en_US.UTF-8)
sh: warning: setlocale: LC_ALL: cannot change locale (en_US.UTF-8)
sh: warning: setlocale: LC_ALL: cannot change locale (en_US.UTF-8)
sh: warning: setlocale: LC_ALL: cannot change locale (en_US.UTF-8)
sh: warning: setlocale: LC_ALL: cannot change locale (en_US.UTF-8)
sh: warning: setlocale: LC_ALL: cannot change locale (en_US.UTF-8)
sh: warning: setlocale: LC_ALL: cannot change locale (en_US.UTF-8)
sh: warning: setlocale: LC_ALL: cannot change locale (en_US.UTF-8)
sh: warning: setlocale: LC_ALL: cannot change locale (en_US.UTF-8)
sh: warning: setlocale: LC_ALL: cannot change locale (en_US.UTF-8)
sh: warning: setlocale: LC_ALL: cannot change locale (en_US.UTF-8)
sh: warning: setlocale: LC_ALL: cannot change locale (en_US.UTF-8)
sh: warning: setlocale: LC_ALL: cannot change locale (en_US.UTF-8)
sh: warning: setlocale: LC_ALL: cannot change locale (en_US.UTF-8)
sh: warning: setlocale: LC_ALL: cannot change locale (en_US.UTF-8)
sh: warning: setlocale: LC_ALL: cannot change locale (en_US.UTF-8)
sh: warning: setlocale: LC_ALL: cannot change locale (en_US.UTF-8)
sh: warning: setlocale: LC_ALL: cannot change locale (en_US.UTF-8)
sh: warning: setlocale: LC_ALL: cannot change locale (en_US.UTF-8)
sh: warning: setlocale: LC_ALL: cannot change locale (en_US.UTF-8)
cp: cannot stat '/scratch/rog32/ORCA__211791-GfLh/*.xyz': No such file or directory
cp: cannot stat '/scratch/rog32/ORCA__211791-GfLh/*.molden': No such file or directory
cp: cannot stat '/scratch/rog32/ORCA__211791-GfLh/*.scfp': No such file or directory
