/bin/bash: warning: setlocale: LC_ALL: cannot change locale (en_US.UTF-8)
compute-2-0
Job execution start: Wed Nov 25 17:57:30 GMT 2020
Slurm Job ID is: 211778
slurm Job name is: 6-311++G**_UHF
Scratchdir is: /scratch/rog32/ORCA__211778-Vnsr
sh: warning: setlocale: LC_ALL: cannot change locale (en_US.UTF-8)
sh: warning: setlocale: LC_ALL: cannot change locale (en_US.UTF-8)
sh: warning: setlocale: LC_ALL: cannot change locale (en_US.UTF-8)
sh: warning: setlocale: LC_ALL: cannot change locale (en_US.UTF-8)
sh: warning: setlocale: LC_ALL: cannot change locale (en_US.UTF-8)
sh: warning: setlocale: LC_ALL: cannot change locale (en_US.UTF-8)
sh: warning: setlocale: LC_ALL: cannot change locale (en_US.UTF-8)
sh: warning: setlocale: LC_ALL: cannot change locale (en_US.UTF-8)
sh: warning: setlocale: LC_ALL: cannot change locale (en_US.UTF-8)
sh: warning: setlocale: LC_ALL: cannot change locale (en_US.UTF-8)
sh: warning: setlocale: LC_ALL: cannot change locale (en_US.UTF-8)
sh: warning: setlocale: LC_ALL: cannot change locale (en_US.UTF-8)
sh: warning: setlocale: LC_ALL: cannot change locale (en_US.UTF-8)
sh: warning: setlocale: LC_ALL: cannot change locale (en_US.UTF-8)
sh: warning: setlocale: LC_ALL: cannot change locale (en_US.UTF-8)
sh: warning: setlocale: LC_ALL: cannot change locale (en_US.UTF-8)
sh: warning: setlocale: LC_ALL: cannot change locale (en_US.UTF-8)
sh: warning: setlocale: LC_ALL: cannot change locale (en_US.UTF-8)
sh: warning: setlocale: LC_ALL: cannot change locale (en_US.UTF-8)
sh: warning: setlocale: LC_ALL: cannot change locale (en_US.UTF-8)
sh: warning: setlocale: LC_ALL: cannot change locale (en_US.UTF-8)
sh: warning: setlocale: LC_ALL: cannot change locale (en_US.UTF-8)
sh: warning: setlocale: LC_ALL: cannot change locale (en_US.UTF-8)
sh: warning: setlocale: LC_ALL: cannot change locale (en_US.UTF-8)
sh: warning: setlocale: LC_ALL: cannot change locale (en_US.UTF-8)
sh: warning: setlocale: LC_ALL: cannot change locale (en_US.UTF-8)
sh: warning: setlocale: LC_ALL: cannot change locale (en_US.UTF-8)
sh: warning: setlocale: LC_ALL: cannot change locale (en_US.UTF-8)
sh: warning: setlocale: LC_ALL: cannot change locale (en_US.UTF-8)
sh: warning: setlocale: LC_ALL: cannot change locale (en_US.UTF-8)
sh: warning: setlocale: LC_ALL: cannot change locale (en_US.UTF-8)
sh: warning: setlocale: LC_ALL: cannot change locale (en_US.UTF-8)
sh: warning: setlocale: LC_ALL: cannot change locale (en_US.UTF-8)
sh: warning: setlocale: LC_ALL: cannot change locale (en_US.UTF-8)
sh: warning: setlocale: LC_ALL: cannot change locale (en_US.UTF-8)
sh: warning: setlocale: LC_ALL: cannot change locale (en_US.UTF-8)
sh: warning: setlocale: LC_ALL: cannot change locale (en_US.UTF-8)
sh: warning: setlocale: LC_ALL: cannot change locale (en_US.UTF-8)
sh: warning: setlocale: LC_ALL: cannot change locale (en_US.UTF-8)
sh: warning: setlocale: LC_ALL: cannot change locale (en_US.UTF-8)
sh: warning: setlocale: LC_ALL: cannot change locale (en_US.UTF-8)
sh: warning: setlocale: LC_ALL: cannot change locale (en_US.UTF-8)
sh: warning: setlocale: LC_ALL: cannot change locale (en_US.UTF-8)
sh: warning: setlocale: LC_ALL: cannot change locale (en_US.UTF-8)
sh: warning: setlocale: LC_ALL: cannot change locale (en_US.UTF-8)
sh: warning: setlocale: LC_ALL: cannot change locale (en_US.UTF-8)
sh: warning: setlocale: LC_ALL: cannot change locale (en_US.UTF-8)
sh: warning: setlocale: LC_ALL: cannot change locale (en_US.UTF-8)
sh: warning: setlocale: LC_ALL: cannot change locale (en_US.UTF-8)
sh: warning: setlocale: LC_ALL: cannot change locale (en_US.UTF-8)
sh: warning: setlocale: LC_ALL: cannot change locale (en_US.UTF-8)
sh: warning: setlocale: LC_ALL: cannot change locale (en_US.UTF-8)
sh: warning: setlocale: LC_ALL: cannot change locale (en_US.UTF-8)
sh: warning: setlocale: LC_ALL: cannot change locale (en_US.UTF-8)
sh: warning: setlocale: LC_ALL: cannot change locale (en_US.UTF-8)
sh: warning: setlocale: LC_ALL: cannot change locale (en_US.UTF-8)
sh: warning: setlocale: LC_ALL: cannot change locale (en_US.UTF-8)
sh: warning: setlocale: LC_ALL: cannot change locale (en_US.UTF-8)
sh: warning: setlocale: LC_ALL: cannot change locale (en_US.UTF-8)
sh: warning: setlocale: LC_ALL: cannot change locale (en_US.UTF-8)
sh: warning: setlocale: LC_ALL: cannot change locale (en_US.UTF-8)
sh: warning: setlocale: LC_ALL: cannot change locale (en_US.UTF-8)
sh: warning: setlocale: LC_ALL: cannot change locale (en_US.UTF-8)
sh: warning: setlocale: LC_ALL: cannot change locale (en_US.UTF-8)
sh: warning: setlocale: LC_ALL: cannot change locale (en_US.UTF-8)
sh: warning: setlocale: LC_ALL: cannot change locale (en_US.UTF-8)
sh: warning: setlocale: LC_ALL: cannot change locale (en_US.UTF-8)
sh: warning: setlocale: LC_ALL: cannot change locale (en_US.UTF-8)
sh: warning: setlocale: LC_ALL: cannot change locale (en_US.UTF-8)
cp: cannot stat '/scratch/rog32/ORCA__211778-Vnsr/*.xyz': No such file or directory
cp: cannot stat '/scratch/rog32/ORCA__211778-Vnsr/*.molden': No such file or directory
cp: cannot stat '/scratch/rog32/ORCA__211778-Vnsr/*.scfp': No such file or directory
